a1,b1,c1   (tuple 0 from page 0)
a2,b2,c2   (tuple 1 from page 0)
a3,b3,c3   (tuple 2 from page 0)
a4,b4,c4   (tuple 3 from page 0)
a5,b5,c5   (tuple 4 from page 0)
a6,b6,c6   (tuple 5 from page 0)
a7,b7,c7   (tuple 6 from page 0)
a8,b8,c8   (tuple 7 from page 0)
a9,b9,c9   (tuple 8 from page 0)
a10,b10,c10   (tuple 9 from page 0)
a11,b11,c11   (tuple 10 from page 0)
a12,b12,c12   (tuple 11 from page 0)
a13,b13,c13   (tuple 12 from page 0)
a14,b14,c14   (tuple 13 from page 0)
a15,b15,c15   (tuple 14 from page 0)
